
> webchess@1.0.0 test
> jest --coverage

ResourceManager initialized with timer tracking
Global test setup completed with resource tracking
PASS tests/gameManagerComplete.test.js
  ● Console

    console.log
      ResourceManager initialized with timer tracking

      at ResourceManager.log [as initialize] (tests/utils/ResourceManager.js:53:13)

    console.log
      Cleaned up 0 resources

      at ResourceManager.log [as cleanupAll] (tests/utils/ResourceManager.js:151:13)

    console.log

      📊 Test Noise Suppression Summary:

      at Object.log (tests/setup.js:251:13)

    console.log
         Suppressed Errors: 0

      at Object.log (tests/setup.js:252:13)

    console.log
         Suppressed Warnings: 0

      at Object.log (tests/setup.js:253:13)

    console.log
         Suppressed Console Messages: 1

      at Object.log (tests/setup.js:254:13)

    console.log
         Total Suppressed: 1

      at Object.log (tests/setup.js:255:13)

PASS tests/underTestedAreasExpansion.test.js
  ● Console

    console.log
      ResourceManager initialized with timer tracking

      at ResourceManager.log [as initialize] (tests/utils/ResourceManager.js:53:13)

    console.log
      Cleaned up 0 resources

      at ResourceManager.log [as cleanupAll] (tests/utils/ResourceManager.js:151:13)

    console.log

      📊 Test Noise Suppression Summary:

      at Object.log (tests/setup.js:251:13)

    console.log
         Suppressed Errors: 0

      at Object.log (tests/setup.js:252:13)

    console.log
         Suppressed Warnings: 0

      at Object.log (tests/setup.js:253:13)

    console.log
         Suppressed Console Messages: 5

      at Object.log (tests/setup.js:254:13)

    console.log
         Total Suppressed: 5

      at Object.log (tests/setup.js:255:13)

PASS tests/errorHandling.test.js
  ● Console

    console.log
      ResourceManager initialized with timer tracking

      at ResourceManager.log [as initialize] (tests/utils/ResourceManager.js:53:13)

    console.log
      Cleaned up 0 resources

      at ResourceManager.log [as cleanupAll] (tests/utils/ResourceManager.js:151:13)

    console.log

      📊 Test Noise Suppression Summary:

      at Object.log (tests/setup.js:251:13)

    console.log
         Suppressed Errors: 0

      at Object.log (tests/setup.js:252:13)

    console.log
         Suppressed Warnings: 0

      at Object.log (tests/setup.js:253:13)

    console.log
         Suppressed Console Messages: 1

      at Object.log (tests/setup.js:254:13)

    console.log
         Total Suppressed: 1

      at Object.log (tests/setup.js:255:13)

PASS tests/gameManagerComprehensive.test.js
  ● Console

    console.log
      ResourceManager initialized with timer tracking

      at ResourceManager.log [as initialize] (tests/utils/ResourceManager.js:53:13)

    console.log
      Cleaned up 0 resources

      at ResourceManager.log [as cleanupAll] (tests/utils/ResourceManager.js:151:13)

    console.log

      📊 Test Noise Suppression Summary:

      at Object.log (tests/setup.js:251:13)

    console.log
         Suppressed Errors: 0

      at Object.log (tests/setup.js:252:13)

    console.log
         Suppressed Warnings: 0

      at Object.log (tests/setup.js:253:13)

    console.log
         Suppressed Console Messages: 1

      at Object.log (tests/setup.js:254:13)

    console.log
         Total Suppressed: 1

      at Object.log (tests/setup.js:255:13)

PASS tests/errorHandlingComprehensive.test.js
  ● Console

    console.log
      ResourceManager initialized with timer tracking

      at ResourceManager.log [as initialize] (tests/utils/ResourceManager.js:53:13)

    console.log
      Cleaned up 0 resources

      at ResourceManager.log [as cleanupAll] (tests/utils/ResourceManager.js:151:13)

    console.log

      📊 Test Noise Suppression Summary:

      at Object.log (tests/setup.js:251:13)

    console.log
         Suppressed Errors: 0

      at Object.log (tests/setup.js:252:13)

    console.log
         Suppressed Warnings: 0

      at Object.log (tests/setup.js:253:13)

    console.log
         Suppressed Console Messages: 1

      at Object.log (tests/setup.js:254:13)

    console.log
         Total Suppressed: 1

      at Object.log (tests/setup.js:255:13)

PASS tests/performanceTests.test.js (9.196 s)
  ● Console

    console.log
      ResourceManager initialized with timer tracking

      at ResourceManager.log [as initialize] (tests/utils/ResourceManager.js:53:13)

    console.log
      Cleaned up 0 resources

      at ResourceManager.log [as cleanupAll] (tests/utils/ResourceManager.js:151:13)

    console.log

      📊 Test Noise Suppression Summary:

      at Object.log (tests/setup.js:251:13)

    console.log
         Suppressed Errors: 0

      at Object.log (tests/setup.js:252:13)

    console.log
         Suppressed Warnings: 0

      at Object.log (tests/setup.js:253:13)

    console.log
         Suppressed Console Messages: 5

      at Object.log (tests/setup.js:254:13)

    console.log
         Total Suppressed: 5

      at Object.log (tests/setup.js:255:13)

PASS tests/comprehensiveCheckCheckmateTests.test.js
  ● Console

    console.log
      ResourceManager initialized with timer tracking

      at ResourceManager.log [as initialize] (tests/utils/ResourceManager.js:53:13)

    console.log
      Cleaned up 0 resources

      at ResourceManager.log [as cleanupAll] (tests/utils/ResourceManager.js:151:13)

    console.log

      📊 Test Noise Suppression Summary:

      at Object.log (tests/setup.js:251:13)

    console.log
         Suppressed Errors: 0

      at Object.log (tests/setup.js:252:13)

    console.log
         Suppressed Warnings: 0

      at Object.log (tests/setup.js:253:13)

    console.log
         Suppressed Console Messages: 1

      at Object.log (tests/setup.js:254:13)

    console.log
         Total Suppressed: 1

      at Object.log (tests/setup.js:255:13)

PASS tests/chessAI.test.js (19.63 s)
  ● Console

    console.log
      ResourceManager initialized with timer tracking

      at ResourceManager.log [as initialize] (tests/utils/ResourceManager.js:53:13)

    console.log
      Cleaned up 0 resources

      at ResourceManager.log [as cleanupAll] (tests/utils/ResourceManager.js:151:13)

    console.log

      📊 Test Noise Suppression Summary:

      at Object.log (tests/setup.js:251:13)

    console.log
         Suppressed Errors: 0

      at Object.log (tests/setup.js:252:13)

    console.log
         Suppressed Warnings: 0

      at Object.log (tests/setup.js:253:13)

    console.log
         Suppressed Console Messages: 1

      at Object.log (tests/setup.js:254:13)

    console.log
         Total Suppressed: 1

      at Object.log (tests/setup.js:255:13)

PASS tests/checkmateDetection.test.js
  ● Console

    console.log
      ResourceManager initialized with timer tracking

      at ResourceManager.log [as initialize] (tests/utils/ResourceManager.js:53:13)

    console.log
      Cleaned up 0 resources

      at ResourceManager.log [as cleanupAll] (tests/utils/ResourceManager.js:151:13)

    console.log

      📊 Test Noise Suppression Summary:

      at Object.log (tests/setup.js:251:13)

    console.log
         Suppressed Errors: 0

      at Object.log (tests/setup.js:252:13)

    console.log
         Suppressed Warnings: 0

      at Object.log (tests/setup.js:253:13)

    console.log
         Suppressed Console Messages: 1

      at Object.log (tests/setup.js:254:13)

    console.log
         Total Suppressed: 1

      at Object.log (tests/setup.js:255:13)
